Review set (TP+FP from baseline): 1800 files
Batches: 120 (batch size 15)
  batch 1/120: OK, 15/15 retained as true_positive, 29.8s
  batch 2/120: OK, 15/15 retained as true_positive, 27.7s
  batch 3/120: OK, 15/15 retained as true_positive, 33.1s
  batch 4/120: OK, 13/15 retained as true_positive, 35.6s
  batch 5/120: OK, 15/15 retained as true_positive, 33.0s
  batch 6/120: OK, 12/15 retained as true_positive, 34.4s
  batch 7/120: OK, 10/15 retained as true_positive, 30.6s
  batch 8/120: OK, 15/15 retained as true_positive, 30.5s
  batch 9/120: OK, 12/15 retained as true_positive, 28.7s
  batch 10/120: OK, 13/15 retained as true_positive, 34.0s
  batch 11/120: OK, 14/15 retained as true_positive, 36.5s
  batch 12/120: OK, 14/15 retained as true_positive, 29.2s
  batch 13/120: OK, 13/15 retained as true_positive, 25.8s
  batch 14/120: OK, 12/15 retained as true_positive, 27.6s
  batch 15/120: OK, 14/15 retained as true_positive, 27.1s
  batch 16/120: OK, 14/15 retained as true_positive, 22.6s
  batch 17/120: OK, 15/15 retained as true_positive, 29.7s
  batch 18/120: OK, 14/15 retained as true_positive, 30.0s
  batch 19/120: OK, 12/15 retained as true_positive, 28.4s
  batch 20/120: OK, 15/15 retained as true_positive, 26.6s
  batch 21/120: OK, 9/15 retained as true_positive, 29.7s
  batch 22/120: OK, 12/15 retained as true_positive, 31.2s
  batch 23/120: OK, 12/15 retained as true_positive, 30.6s
  batch 24/120: OK, 15/15 retained as true_positive, 28.9s
  batch 25/120: OK, 14/15 retained as true_positive, 34.5s
  batch 26/120: OK, 13/15 retained as true_positive, 31.2s
  batch 27/120: OK, 12/15 retained as true_positive, 32.6s
  batch 28/120: OK, 13/15 retained as true_positive, 27.7s
  batch 29/120: OK, 13/15 retained as true_positive, 28.3s
  batch 30/120: OK, 11/15 retained as true_positive, 32.0s
  batch 31/120: OK, 15/15 retained as true_positive, 29.5s
  batch 32/120: OK, 15/15 retained as true_positive, 32.3s
  batch 33/120: OK, 15/15 retained as true_positive, 33.5s
  batch 34/120: OK, 15/15 retained as true_positive, 32.1s
  batch 35/120: OK, 12/15 retained as true_positive, 30.9s
  batch 36/120: OK, 11/15 retained as true_positive, 35.5s
  batch 37/120: OK, 12/15 retained as true_positive, 34.8s
  batch 38/120: OK, 14/15 retained as true_positive, 32.3s
  batch 39/120: OK, 11/15 retained as true_positive, 36.6s
  batch 40/120: OK, 12/15 retained as true_positive, 28.4s
  batch 41/120: OK, 13/15 retained as true_positive, 29.8s
  batch 42/120: OK, 12/15 retained as true_positive, 25.6s
  batch 43/120: OK, 10/15 retained as true_positive, 36.7s
  batch 44/120: OK, 14/15 retained as true_positive, 33.3s
  batch 45/120: OK, 11/15 retained as true_positive, 36.3s
  batch 46/120: OK, 12/15 retained as true_positive, 28.7s
  batch 47/120: OK, 14/15 retained as true_positive, 29.7s
  batch 48/120: OK, 9/15 retained as true_positive, 30.0s
  batch 49/120: OK, 12/15 retained as true_positive, 30.9s
  batch 50/120: OK, 11/15 retained as true_positive, 29.5s
  batch 51/120: OK, 14/15 retained as true_positive, 29.1s
  batch 52/120: OK, 14/15 retained as true_positive, 31.0s
  batch 53/120: OK, 13/15 retained as true_positive, 28.3s
  batch 54/120: OK, 11/15 retained as true_positive, 36.2s
  batch 55/120: OK, 9/15 retained as true_positive, 28.2s
  batch 56/120: OK, 9/15 retained as true_positive, 46.6s
  batch 57/120: OK, 13/15 retained as true_positive, 55.6s
  batch 58/120: OK, 11/15 retained as true_positive, 55.2s
  batch 59/120: OK, 11/15 retained as true_positive, 35.8s
  batch 60/120: OK, 14/15 retained as true_positive, 31.1s
  batch 61/120: OK, 13/15 retained as true_positive, 30.4s
  batch 62/120: OK, 12/15 retained as true_positive, 33.0s
  batch 63/120: OK, 13/15 retained as true_positive, 35.0s
  batch 64/120: OK, 11/15 retained as true_positive, 32.6s
  batch 65/120: OK, 13/15 retained as true_positive, 31.4s
  batch 66/120: OK, 11/15 retained as true_positive, 27.1s
  batch 67/120: OK, 11/15 retained as true_positive, 31.8s
  batch 68/120: OK, 11/15 retained as true_positive, 38.1s
  batch 69/120: OK, 13/15 retained as true_positive, 53.0s
  batch 70/120: OK, 9/15 retained as true_positive, 29.9s
  batch 71/120: OK, 14/15 retained as true_positive, 35.2s
  batch 72/120: OK, 13/15 retained as true_positive, 33.0s
  batch 73/120: OK, 13/15 retained as true_positive, 33.2s
  batch 74/120: OK, 13/15 retained as true_positive, 32.9s
  batch 75/120: OK, 14/15 retained as true_positive, 32.9s
  batch 76/120: OK, 12/15 retained as true_positive, 30.6s
  batch 77/120: OK, 13/15 retained as true_positive, 36.0s
  batch 78/120: OK, 10/15 retained as true_positive, 36.7s
  batch 79/120: OK, 13/15 retained as true_positive, 38.2s
  batch 80/120: OK, 14/15 retained as true_positive, 47.4s
  batch 81/120: OK, 12/15 retained as true_positive, 47.8s
  batch 82/120: OK, 14/15 retained as true_positive, 45.0s
  batch 83/120: OK, 10/15 retained as true_positive, 46.3s
  batch 84/120: OK, 13/15 retained as true_positive, 47.8s
  batch 85/120: OK, 11/15 retained as true_positive, 52.2s
  batch 86/120: OK, 11/15 retained as true_positive, 54.9s
  batch 87/120: OK, 12/15 retained as true_positive, 47.8s
  batch 88/120: OK, 13/15 retained as true_positive, 46.3s
  batch 89/120: OK, 11/15 retained as true_positive, 44.4s
  batch 90/120: OK, 6/15 retained as true_positive, 47.8s
  batch 91/120: OK, 12/15 retained as true_positive, 44.0s
  batch 92/120: OK, 12/15 retained as true_positive, 45.9s
  batch 93/120: OK, 11/15 retained as true_positive, 44.2s
  batch 94/120: OK, 12/15 retained as true_positive, 38.6s
  batch 95/120: OK, 9/15 retained as true_positive, 51.2s
  batch 96/120: OK, 9/15 retained as true_positive, 45.5s
  batch 97/120: OK, 10/15 retained as true_positive, 43.1s
  batch 98/120: OK, 9/15 retained as true_positive, 46.1s
  batch 99/120: OK, 11/15 retained as true_positive, 45.0s
  batch 100/120: OK, 14/15 retained as true_positive, 55.3s
  batch 101/120: OK, 12/15 retained as true_positive, 34.4s
  batch 102/120: OK, 12/15 retained as true_positive, 31.4s
  batch 103/120: OK, 13/15 retained as true_positive, 31.6s
  batch 104/120: OK, 10/15 retained as true_positive, 38.4s
  batch 105/120: OK, 12/15 retained as true_positive, 48.0s
  batch 106/120: OK, 14/15 retained as true_positive, 41.5s
  batch 107/120: OK, 12/15 retained as true_positive, 30.5s
  batch 108/120: OK, 13/15 retained as true_positive, 40.1s
  batch 109/120: OK, 10/15 retained as true_positive, 45.0s
  batch 110/120: OK, 12/15 retained as true_positive, 45.0s
  batch 111/120: OK, 10/15 retained as true_positive, 43.0s
  batch 112/120: OK, 11/15 retained as true_positive, 48.9s
  batch 113/120: OK, 9/15 retained as true_positive, 50.0s
  batch 114/120: OK, 13/15 retained as true_positive, 41.1s
  batch 115/120: OK, 13/15 retained as true_positive, 32.1s
  batch 116/120: OK, 14/15 retained as true_positive, 31.8s
  batch 117/120: OK, 12/15 retained as true_positive, 33.3s
  batch 118/120: OK, 12/15 retained as true_positive, 33.7s
  batch 119/120: OK, 11/15 retained as true_positive, 31.6s
  batch 120/120: OK, 13/15 retained as true_positive, 30.6s

Done. 0/120 batches fail-opened.
Wrote filter_results_qwen36.json
