Review set (TP+FP from baseline): 1800 files
Batches: 120 (batch size 15)
  batch 1/120: OK, 15/15 retained as true_positive, 8.3s
  batch 2/120: OK, 15/15 retained as true_positive, 7.6s
  batch 3/120: OK, 15/15 retained as true_positive, 9.3s
  batch 4/120: OK, 15/15 retained as true_positive, 10.2s
  batch 5/120: OK, 15/15 retained as true_positive, 9.2s
  batch 6/120: OK, 15/15 retained as true_positive, 9.7s
  batch 7/120: OK, 15/15 retained as true_positive, 8.5s
  batch 8/120: OK, 14/15 retained as true_positive, 8.4s
  batch 9/120: OK, 14/15 retained as true_positive, 8.0s
  batch 10/120: OK, 15/15 retained as true_positive, 9.5s
  batch 11/120: OK, 14/15 retained as true_positive, 10.3s
  batch 12/120: OK, 15/15 retained as true_positive, 8.2s
  batch 13/120: OK, 15/15 retained as true_positive, 8.3s
  batch 14/120: OK, 15/15 retained as true_positive, 7.7s
  batch 15/120: OK, 15/15 retained as true_positive, 8.6s
  batch 16/120: OK, 15/15 retained as true_positive, 7.3s
  batch 17/120: OK, 15/15 retained as true_positive, 8.2s
  batch 18/120: OK, 15/15 retained as true_positive, 8.5s
  batch 19/120: OK, 11/15 retained as true_positive, 8.7s
  batch 20/120: OK, 15/15 retained as true_positive, 8.7s
  batch 21/120: OK, 15/15 retained as true_positive, 8.3s
  batch 22/120: OK, 15/15 retained as true_positive, 8.8s
  batch 23/120: OK, 15/15 retained as true_positive, 8.5s
  batch 24/120: OK, 15/15 retained as true_positive, 8.0s
  batch 25/120: OK, 15/15 retained as true_positive, 9.8s
  batch 26/120: OK, 15/15 retained as true_positive, 8.7s
  batch 27/120: OK, 15/15 retained as true_positive, 9.3s
  batch 28/120: OK, 15/15 retained as true_positive, 7.7s
  batch 29/120: OK, 15/15 retained as true_positive, 7.9s
  batch 30/120: OK, 15/15 retained as true_positive, 9.0s
  batch 31/120: OK, 15/15 retained as true_positive, 8.3s
  batch 32/120: OK, 15/15 retained as true_positive, 9.1s
  batch 33/120: OK, 15/15 retained as true_positive, 9.4s
  batch 34/120: OK, 15/15 retained as true_positive, 9.9s
  batch 35/120: OK, 15/15 retained as true_positive, 8.8s
  batch 36/120: OK, 15/15 retained as true_positive, 10.1s
  batch 37/120: OK, 15/15 retained as true_positive, 10.2s
  batch 38/120: OK, 15/15 retained as true_positive, 9.3s
  batch 39/120: OK, 15/15 retained as true_positive, 10.4s
  batch 40/120: OK, 14/15 retained as true_positive, 8.1s
  batch 41/120: OK, 15/15 retained as true_positive, 8.3s
  batch 42/120: OK, 15/15 retained as true_positive, 8.1s
  batch 43/120: OK, 15/15 retained as true_positive, 10.6s
  batch 44/120: OK, 15/15 retained as true_positive, 9.7s
  batch 45/120: OK, 15/15 retained as true_positive, 10.3s
  batch 46/120: OK, 13/15 retained as true_positive, 8.1s
  batch 47/120: OK, 14/15 retained as true_positive, 8.4s
  batch 48/120: OK, 15/15 retained as true_positive, 8.5s
  batch 49/120: OK, 15/15 retained as true_positive, 8.8s
  batch 50/120: OK, 15/15 retained as true_positive, 8.4s
  batch 51/120: OK, 10/15 retained as true_positive, 8.2s
  batch 52/120: OK, 15/15 retained as true_positive, 8.6s
  batch 53/120: OK, 15/15 retained as true_positive, 8.1s
  batch 54/120: OK, 15/15 retained as true_positive, 10.3s
  batch 55/120: OK, 13/15 retained as true_positive, 8.0s
  batch 56/120: OK, 7/15 retained as true_positive, 8.2s
  batch 57/120: OK, 15/15 retained as true_positive, 8.3s
  batch 58/120: OK, 14/15 retained as true_positive, 9.0s
  batch 59/120: OK, 14/15 retained as true_positive, 8.2s
  batch 60/120: OK, 15/15 retained as true_positive, 8.8s
  batch 61/120: OK, 15/15 retained as true_positive, 8.5s
  batch 62/120: OK, 15/15 retained as true_positive, 9.4s
  batch 63/120: OK, 15/15 retained as true_positive, 9.9s
  batch 64/120: OK, 15/15 retained as true_positive, 9.2s
  batch 65/120: OK, 15/15 retained as true_positive, 8.8s
  batch 66/120: OK, 15/15 retained as true_positive, 7.6s
  batch 67/120: OK, 15/15 retained as true_positive, 8.5s
  batch 68/120: OK, 14/15 retained as true_positive, 8.1s
  batch 69/120: OK, 15/15 retained as true_positive, 11.4s
  batch 70/120: OK, 8/15 retained as true_positive, 8.4s
  batch 71/120: OK, 7/15 retained as true_positive, 10.1s
  batch 72/120: OK, 15/15 retained as true_positive, 9.4s
  batch 73/120: OK, 15/15 retained as true_positive, 9.5s
  batch 74/120: OK, 15/15 retained as true_positive, 9.6s
  batch 75/120: OK, 15/15 retained as true_positive, 9.2s
  batch 76/120: OK, 15/15 retained as true_positive, 8.5s
  batch 77/120: OK, 15/15 retained as true_positive, 10.4s
  batch 78/120: OK, 15/15 retained as true_positive, 10.3s
  batch 79/120: OK, 15/15 retained as true_positive, 9.5s
  batch 80/120: OK, 15/15 retained as true_positive, 9.7s
  batch 81/120: OK, 14/15 retained as true_positive, 8.6s
  batch 82/120: OK, 14/15 retained as true_positive, 8.3s
  batch 83/120: OK, 14/15 retained as true_positive, 8.3s
  batch 84/120: OK, 15/15 retained as true_positive, 8.7s
  batch 85/120: OK, 15/15 retained as true_positive, 9.6s
  batch 86/120: OK, 15/15 retained as true_positive, 10.2s
  batch 87/120: OK, 15/15 retained as true_positive, 8.7s
  batch 88/120: OK, 15/15 retained as true_positive, 8.4s
  batch 89/120: OK, 14/15 retained as true_positive, 8.0s
  batch 90/120: OK, 14/15 retained as true_positive, 8.6s
  batch 91/120: OK, 14/15 retained as true_positive, 7.9s
  batch 92/120: OK, 11/15 retained as true_positive, 8.2s
  batch 93/120: OK, 15/15 retained as true_positive, 8.0s
  batch 94/120: OK, 15/15 retained as true_positive, 8.2s
  batch 95/120: OK, 15/15 retained as true_positive, 10.2s
  batch 96/120: OK, 14/15 retained as true_positive, 9.0s
  batch 97/120: OK, 14/15 retained as true_positive, 7.8s
  batch 98/120: OK, 15/15 retained as true_positive, 8.3s
  batch 99/120: OK, 15/15 retained as true_positive, 8.1s
  batch 100/120: OK, 15/15 retained as true_positive, 10.3s
  batch 101/120: OK, 15/15 retained as true_positive, 8.5s
  batch 102/120: OK, 13/15 retained as true_positive, 8.0s
  batch 103/120: OK, 14/15 retained as true_positive, 8.7s
  batch 104/120: OK, 15/15 retained as true_positive, 9.0s
  batch 105/120: OK, 15/15 retained as true_positive, 8.9s
  batch 106/120: OK, 15/15 retained as true_positive, 9.4s
  batch 107/120: OK, 14/15 retained as true_positive, 8.5s
  batch 108/120: OK, 14/15 retained as true_positive, 8.0s
  batch 109/120: OK, 15/15 retained as true_positive, 8.3s
  batch 110/120: OK, 15/15 retained as true_positive, 8.3s
  batch 111/120: OK, 14/15 retained as true_positive, 8.0s
  batch 112/120: OK, 15/15 retained as true_positive, 9.2s
  batch 113/120: OK, 15/15 retained as true_positive, 9.9s
  batch 114/120: OK, 15/15 retained as true_positive, 8.7s
  batch 115/120: OK, 13/15 retained as true_positive, 9.1s
  batch 116/120: OK, 12/15 retained as true_positive, 9.0s
  batch 117/120: OK, 15/15 retained as true_positive, 9.4s
  batch 118/120: OK, 12/15 retained as true_positive, 9.5s
  batch 119/120: OK, 15/15 retained as true_positive, 8.9s
  batch 120/120: OK, 15/15 retained as true_positive, 8.6s

Done. 0/120 batches fail-opened.
Wrote filter_results.json
