               
               
┌─────────────┐
│ Scan Status │
└─────────────┘
  Scanning 2740 files tracked by git with 1074 Code rules:
                                                                                                                        
  Language      Rules   Files          Origin      Rules                                                                
 ─────────────────────────────        ───────────────────                                                               
  java            118    2740          Community    1074                                                                
  <multilang>      47    2740                                                                                           
                                                                                                                        
                
                
┌──────────────┐
│ Scan Summary │
└──────────────┘
✅ Scan completed successfully.
 • Findings: 2404 (2404 blocking)
 • Rules run: 165
 • Targets scanned: 2740
 • Parsed lines: ~100.0%
 • Scan was limited to files tracked by git
 • For a detailed list of skipped files and lines, run semgrep with the --verbose flag
Ran 165 rules on 2740 files: 2404 findings.

📢 Too many findings? Try Semgrep Pro for more powerful queries and less noise.
   See https://sg.run/false-positives.
